2026-02-18 13:36:03,733 - INFO - === AGGRESSIVE CONSTITUTIONAL DOWNLOADER INITIALIZED ===
2026-02-18 13:36:03,733 - INFO - Target documents: 9,829 constitutional/government regulations
2026-02-18 13:36:03,733 - INFO - Starting RPS: 10 (delay: 0.1s)
2026-02-18 13:36:03,733 - INFO - Maximum target RPS: 100
2026-02-18 13:36:03,733 - INFO - SERVER CAPACITY TESTING ENABLED - Will scale aggressively
2026-02-18 13:36:03,733 - INFO - 🚀 STARTING AGGRESSIVE CONSTITUTIONAL DOWNLOAD
2026-02-18 13:36:03,733 - INFO - STRATEGY: Start 10 RPS → Scale to 50-100 RPS based on server capacity
2026-02-18 13:36:03,733 - INFO - 
============================================================
2026-02-18 13:36:03,733 - INFO - 🎯 STARTING CONSTITUTIONAL LAWS DOWNLOAD
2026-02-18 13:36:03,733 - INFO - Type: uu, Limit: ALL
2026-02-18 13:36:03,734 - INFO - ============================================================
2026-02-18 13:36:03,734 - INFO - 🎯 PROCESSING UU DOCUMENTS
2026-02-18 13:36:03,734 - INFO - Batch file: /root/.openclaw/workspace/batch_uu_urls.txt
2026-02-18 13:36:03,734 - INFO - Target directory: /root/.openclaw/peraturan-perundang-undangan-pdf/uu
2026-02-18 13:36:03,734 - INFO - Processing 1926 uu URLs with aggressive scaling
2026-02-18 13:36:35,827 - WARNING - Invalid PDF removed: uu-no-8-tahun-2020.pdf
2026-02-18 13:36:35,827 - WARNING - HTTP 200: uu-no-8-tahun-2020.pdf
2026-02-18 13:36:43,736 - WARNING - Invalid PDF removed: uu-no-9-tahun-2021.pdf
2026-02-18 13:36:43,737 - WARNING - HTTP 200: uu-no-9-tahun-2021.pdf
2026-02-18 13:36:47,634 - WARNING - Invalid PDF removed: uu-no-10-tahun-2021.pdf
2026-02-18 13:36:47,634 - WARNING - HTTP 200: uu-no-10-tahun-2021.pdf
2026-02-18 13:36:49,410 - WARNING - Invalid PDF removed: uu-no-1-tahun-1945.pdf
2026-02-18 13:36:49,411 - WARNING - HTTP 200: uu-no-1-tahun-1945.pdf
2026-02-18 13:36:50,528 - WARNING - Invalid PDF removed: uu-no-1-tahun-1946.pdf
2026-02-18 13:36:50,528 - WARNING - HTTP 200: uu-no-1-tahun-1946.pdf
2026-02-18 13:36:51,303 - WARNING - Invalid PDF removed: uu-no-1-tahun-1947.pdf
2026-02-18 13:36:51,305 - WARNING - HTTP 200: uu-no-1-tahun-1947.pdf
2026-02-18 13:36:52,525 - WARNING - Invalid PDF removed: uu-no-1-tahun-1948.pdf
2026-02-18 13:36:52,525 - WARNING - HTTP 200: uu-no-1-tahun-1948.pdf
2026-02-18 13:36:53,228 - WARNING - Invalid PDF removed: uu-no-1-tahun-1949.pdf
2026-02-18 13:36:53,229 - WARNING - HTTP 200: uu-no-1-tahun-1949.pdf
2026-02-18 13:36:55,334 - WARNING - Invalid PDF removed: uu-no-1-tahun-1950.pdf
2026-02-18 13:36:55,334 - WARNING - HTTP 200: uu-no-1-tahun-1950.pdf
2026-02-18 13:36:56,031 - WARNING - Invalid PDF removed: uu-no-1-tahun-1951.pdf
2026-02-18 13:36:56,032 - WARNING - HTTP 200: uu-no-1-tahun-1951.pdf
2026-02-18 13:36:58,344 - WARNING - Invalid PDF removed: uu-no-1-tahun-1953.pdf
2026-02-18 13:36:58,344 - WARNING - HTTP 200: uu-no-1-tahun-1953.pdf
2026-02-18 13:37:10,557 - WARNING - Invalid PDF removed: uu-no-1-tahun-1955.pdf
2026-02-18 13:37:10,557 - WARNING - HTTP 200: uu-no-1-tahun-1955.pdf
2026-02-18 13:37:26,093 - WARNING - Invalid PDF removed: uu-no-1-tahun-1956.pdf
2026-02-18 13:37:26,093 - WARNING - HTTP 200: uu-no-1-tahun-1956.pdf
2026-02-18 13:37:45,882 - WARNING - Invalid PDF removed: uu-no-1-tahun-1957.pdf
2026-02-18 13:37:45,883 - WARNING - HTTP 200: uu-no-1-tahun-1957.pdf
2026-02-18 13:38:00,381 - WARNING - Invalid PDF removed: uu-no-1-tahun-1958.pdf
2026-02-18 13:38:00,381 - WARNING - HTTP 200: uu-no-1-tahun-1958.pdf
2026-02-18 13:38:15,505 - ERROR - Download failed uu-no-1-tahun-1960.pdf: HTTPSConnectionPool(host='peraturan.go.id', port=443): Max retries exceeded with url: /files/uu-no-1-tahun-1960.pdf (Caused by ConnectTimeoutError(<urllib3.connection.HTTPSConnection object at 0x756d32c81490>, 'Connection to peraturan.go.id timed out. (connect timeout=15)'))
2026-02-18 13:38:30,489 - WARNING - Invalid PDF removed: uu-no-1-tahun-1966.pdf
2026-02-18 13:38:30,489 - WARNING - HTTP 200: uu-no-1-tahun-1966.pdf
2026-02-18 13:38:30,592 - INFO - PERFORMANCE ANALYSIS - RPS: 10, Avg Response: 4.093s, Error Rate: 0.00%, Rate Limits: 0
2026-02-18 13:38:45,615 - ERROR - Download failed uu-no-1-tahun-1967.pdf: HTTPSConnectionPool(host='peraturan.go.id', port=443): Max retries exceeded with url: /files/uu-no-1-tahun-1967.pdf (Caused by ConnectTimeoutError(<urllib3.connection.HTTPSConnection object at 0x756d32c829f0>, 'Connection to peraturan.go.id timed out. (connect timeout=15)'))
2026-02-18 13:38:57,633 - WARNING - Invalid PDF removed: uu-no-1-tahun-1970.pdf
2026-02-18 13:38:57,633 - WARNING - HTTP 200: uu-no-1-tahun-1970.pdf
2026-02-18 13:38:58,256 - WARNING - Invalid PDF removed: uu-no-1-tahun-1973.pdf
2026-02-18 13:38:58,256 - WARNING - HTTP 200: uu-no-1-tahun-1973.pdf
2026-02-18 13:38:59,158 - WARNING - Invalid PDF removed: uu-no-1-tahun-1974.pdf
2026-02-18 13:38:59,158 - WARNING - HTTP 200: uu-no-1-tahun-1974.pdf
2026-02-18 13:39:00,077 - WARNING - Invalid PDF removed: uu-no-1-tahun-1975.pdf
2026-02-18 13:39:00,077 - WARNING - HTTP 200: uu-no-1-tahun-1975.pdf
2026-02-18 13:39:01,423 - WARNING - Invalid PDF removed: uu-no-1-tahun-1976.pdf
2026-02-18 13:39:01,423 - WARNING - HTTP 200: uu-no-1-tahun-1976.pdf
2026-02-18 13:39:03,672 - WARNING - Invalid PDF removed: uu-no-1-tahun-1977.pdf
2026-02-18 13:39:03,672 - WARNING - HTTP 200: uu-no-1-tahun-1977.pdf
2026-02-18 13:39:05,139 - WARNING - Invalid PDF removed: uu-no-1-tahun-1978.pdf
2026-02-18 13:39:05,140 - WARNING - HTTP 200: uu-no-1-tahun-1978.pdf
2026-02-18 13:39:06,374 - WARNING - Invalid PDF removed: uu-no-1-tahun-1979.pdf
2026-02-18 13:39:06,374 - WARNING - HTTP 200: uu-no-1-tahun-1979.pdf
2026-02-18 13:39:08,174 - WARNING - Invalid PDF removed: uu-no-1-tahun-1980.pdf
2026-02-18 13:39:08,175 - WARNING - HTTP 200: uu-no-1-tahun-1980.pdf
2026-02-18 13:39:09,713 - WARNING - Invalid PDF removed: uu-no-1-tahun-1981.pdf
2026-02-18 13:39:09,713 - WARNING - HTTP 200: uu-no-1-tahun-1981.pdf
2026-02-18 13:39:10,452 - WARNING - Invalid PDF removed: uu-no-1-tahun-1982.pdf
2026-02-18 13:39:10,452 - WARNING - HTTP 200: uu-no-1-tahun-1982.pdf
2026-02-18 13:39:11,617 - WARNING - Invalid PDF removed: uu-no-1-tahun-1983.pdf
2026-02-18 13:39:11,618 - WARNING - HTTP 200: uu-no-1-tahun-1983.pdf
2026-02-18 13:39:12,271 - WARNING - Invalid PDF removed: uu-no-1-tahun-1984.pdf
2026-02-18 13:39:12,272 - WARNING - HTTP 200: uu-no-1-tahun-1984.pdf
2026-02-18 13:39:13,384 - WARNING - Invalid PDF removed: uu-no-1-tahun-1985.pdf
2026-02-18 13:39:13,384 - WARNING - HTTP 200: uu-no-1-tahun-1985.pdf
2026-02-18 13:39:14,176 - WARNING - Invalid PDF removed: uu-no-1-tahun-1986.pdf
2026-02-18 13:39:14,176 - WARNING - HTTP 200: uu-no-1-tahun-1986.pdf
2026-02-18 13:39:15,474 - WARNING - Invalid PDF removed: uu-no-1-tahun-1987.pdf
2026-02-18 13:39:15,474 - WARNING - HTTP 200: uu-no-1-tahun-1987.pdf
2026-02-18 13:39:16,571 - WARNING - Invalid PDF removed: uu-no-1-tahun-1988.pdf
2026-02-18 13:39:16,572 - WARNING - HTTP 200: uu-no-1-tahun-1988.pdf
2026-02-18 13:39:17,197 - WARNING - Invalid PDF removed: uu-no-1-tahun-1989.pdf
2026-02-18 13:39:17,197 - WARNING - HTTP 200: uu-no-1-tahun-1989.pdf
2026-02-18 13:39:17,857 - WARNING - Invalid PDF removed: uu-no-1-tahun-1990.pdf
2026-02-18 13:39:17,857 - WARNING - HTTP 200: uu-no-1-tahun-1990.pdf
2026-02-18 13:39:18,539 - WARNING - Invalid PDF removed: uu-no-1-tahun-1991.pdf
2026-02-18 13:39:18,539 - WARNING - HTTP 200: uu-no-1-tahun-1991.pdf
2026-02-18 13:39:20,277 - WARNING - Invalid PDF removed: uu-no-1-tahun-1992.pdf
2026-02-18 13:39:20,277 - WARNING - HTTP 200: uu-no-1-tahun-1992.pdf
2026-02-18 13:39:22,560 - WARNING - Invalid PDF removed: uu-no-1-tahun-1993.pdf
2026-02-18 13:39:22,561 - WARNING - HTTP 200: uu-no-1-tahun-1993.pdf
2026-02-18 13:39:23,395 - WARNING - Invalid PDF removed: uu-no-1-tahun-1995.pdf
2026-02-18 13:39:23,395 - WARNING - HTTP 200: uu-no-1-tahun-1995.pdf
2026-02-18 13:39:24,029 - WARNING - Invalid PDF removed: uu-no-1-tahun-1996.pdf
2026-02-18 13:39:24,029 - WARNING - HTTP 200: uu-no-1-tahun-1996.pdf
2026-02-18 13:39:24,132 - INFO - PERFORMANCE ANALYSIS - RPS: 10, Avg Response: 2.763s, Error Rate: 0.00%, Rate Limits: 0
2026-02-18 13:39:25,219 - WARNING - Invalid PDF removed: uu-no-1-tahun-1997.pdf
2026-02-18 13:39:25,220 - WARNING - HTTP 200: uu-no-1-tahun-1997.pdf
2026-02-18 13:39:26,589 - WARNING - Invalid PDF removed: uu-no-1-tahun-1998.pdf
2026-02-18 13:39:26,589 - WARNING - HTTP 200: uu-no-1-tahun-1998.pdf
2026-02-18 13:39:27,681 - WARNING - Invalid PDF removed: uu-no-1-tahun-1999.pdf
2026-02-18 13:39:27,681 - WARNING - HTTP 200: uu-no-1-tahun-1999.pdf
2026-02-18 13:39:28,638 - WARNING - Invalid PDF removed: uu-no-1-tahun-2000.pdf
2026-02-18 13:39:28,638 - WARNING - HTTP 200: uu-no-1-tahun-2000.pdf
2026-02-18 13:39:30,126 - WARNING - Invalid PDF removed: uu-no-1-tahun-2001.pdf
2026-02-18 13:39:30,126 - WARNING - HTTP 200: uu-no-1-tahun-2001.pdf
2026-02-18 13:39:31,000 - WARNING - Invalid PDF removed: uu-no-1-tahun-2002.pdf
2026-02-18 13:39:31,000 - WARNING - HTTP 200: uu-no-1-tahun-2002.pdf
2026-02-18 13:39:31,894 - WARNING - Invalid PDF removed: uu-no-1-tahun-2003.pdf
2026-02-18 13:39:31,894 - WARNING - HTTP 200: uu-no-1-tahun-2003.pdf
2026-02-18 13:39:32,712 - WARNING - Invalid PDF removed: uu-no-1-tahun-2004.pdf
2026-02-18 13:39:32,712 - WARNING - HTTP 200: uu-no-1-tahun-2004.pdf
2026-02-18 13:39:33,615 - WARNING - Invalid PDF removed: uu-no-1-tahun-2005.pdf
2026-02-18 13:39:33,616 - WARNING - HTTP 200: uu-no-1-tahun-2005.pdf
2026-02-18 13:39:34,913 - WARNING - Invalid PDF removed: uu-no-1-tahun-2006.pdf
2026-02-18 13:39:34,913 - WARNING - HTTP 200: uu-no-1-tahun-2006.pdf
2026-02-18 13:39:37,415 - WARNING - Invalid PDF removed: uu-no-1-tahun-2007.pdf
2026-02-18 13:39:37,416 - WARNING - HTTP 200: uu-no-1-tahun-2007.pdf
2026-02-18 13:39:40,436 - WARNING - Invalid PDF removed: uu-no-1-tahun-2008.pdf
2026-02-18 13:39:40,436 - WARNING - HTTP 200: uu-no-1-tahun-2008.pdf
2026-02-18 13:39:41,754 - WARNING - Invalid PDF removed: uu-no-1-tahun-2009.pdf
2026-02-18 13:39:41,754 - WARNING - HTTP 200: uu-no-1-tahun-2009.pdf
2026-02-18 13:39:42,855 - WARNING - Invalid PDF removed: uu-no-1-tahun-2010.pdf
2026-02-18 13:39:42,855 - WARNING - HTTP 200: uu-no-1-tahun-2010.pdf
2026-02-18 13:39:43,695 - WARNING - Invalid PDF removed: uu-no-1-tahun-2011.pdf
2026-02-18 13:39:43,698 - WARNING - HTTP 200: uu-no-1-tahun-2011.pdf
2026-02-18 13:39:44,356 - WARNING - Invalid PDF removed: uu-no-1-tahun-2012.pdf
2026-02-18 13:39:44,357 - WARNING - HTTP 200: uu-no-1-tahun-2012.pdf
2026-02-18 13:39:44,964 - WARNING - Invalid PDF removed: uu-no-1-tahun-2013.pdf
2026-02-18 13:39:44,964 - WARNING - HTTP 200: uu-no-1-tahun-2013.pdf
2026-02-18 13:39:45,944 - WARNING - Invalid PDF removed: uu-no-1-tahun-2014.pdf
2026-02-18 13:39:45,944 - WARNING - HTTP 200: uu-no-1-tahun-2014.pdf
2026-02-18 13:39:47,565 - WARNING - Invalid PDF removed: uu-no-2-tahun-1946.pdf
2026-02-18 13:39:47,565 - WARNING - HTTP 200: uu-no-2-tahun-1946.pdf
2026-02-18 13:39:49,749 - WARNING - Invalid PDF removed: uu-no-2-tahun-1947.pdf
2026-02-18 13:39:49,749 - WARNING - HTTP 200: uu-no-2-tahun-1947.pdf
2026-02-18 13:39:51,547 - WARNING - Invalid PDF removed: uu-no-2-tahun-1948.pdf
2026-02-18 13:39:51,547 - WARNING - HTTP 200: uu-no-2-tahun-1948.pdf
2026-02-18 13:39:52,648 - WARNING - Invalid PDF removed: uu-no-2-tahun-1949.pdf
2026-02-18 13:39:52,648 - WARNING - HTTP 200: uu-no-2-tahun-1949.pdf
2026-02-18 13:39:53,682 - WARNING - Invalid PDF removed: uu-no-2-tahun-1950.pdf
2026-02-18 13:39:53,683 - WARNING - HTTP 200: uu-no-2-tahun-1950.pdf
2026-02-18 13:39:54,304 - WARNING - Invalid PDF removed: uu-no-2-tahun-1951.pdf
2026-02-18 13:39:54,307 - WARNING - HTTP 200: uu-no-2-tahun-1951.pdf
2026-02-18 13:39:55,492 - WARNING - Invalid PDF removed: uu-no-2-tahun-1952.pdf
2026-02-18 13:39:55,492 - WARNING - HTTP 200: uu-no-2-tahun-1952.pdf
2026-02-18 13:39:55,594 - INFO - PERFORMANCE ANALYSIS - RPS: 10, Avg Response: 1.502s, Error Rate: 0.00%, Rate Limits: 0
2026-02-18 13:39:56,595 - WARNING - Invalid PDF removed: uu-no-2-tahun-1953.pdf
2026-02-18 13:39:56,596 - WARNING - HTTP 200: uu-no-2-tahun-1953.pdf
2026-02-18 13:39:57,882 - WARNING - Invalid PDF removed: uu-no-2-tahun-1954.pdf
2026-02-18 13:39:57,882 - WARNING - HTTP 200: uu-no-2-tahun-1954.pdf
2026-02-18 13:40:02,031 - WARNING - Invalid PDF removed: uu-no-2-tahun-1955.pdf
2026-02-18 13:40:02,031 - WARNING - HTTP 200: uu-no-2-tahun-1955.pdf
2026-02-18 13:40:04,037 - WARNING - Invalid PDF removed: uu-no-2-tahun-1956.pdf
2026-02-18 13:40:04,037 - WARNING - HTTP 200: uu-no-2-tahun-1956.pdf
